---
source: runtime/runtime-params-estimator/src/replay.rs
expression: output
---
top-level:
  GET   4 State  
  DB GET                4 requests for a total of       65 B
  DB SET                0 requests for a total of        0 B
  STORAGE READ          1 requests for a total of     1000 B
  STORAGE WRITE         0 requests for a total of        0 B
  TRIE NODES (guest)    1 /  19 /   1  (chunk-cache/shard-cache/DB)
  TRIE NODES (host)          27 /   3  (shard-cache/DB)
  SHARD CACHE         92.00% hit rate
  CHUNK CACHE          4.76% hit rate


